16 MiB read-heavy trial 3 wp complete
16 MiB read-heavy trial 4 stopped complete
16 MiB read-heavy trial 6 wp complete
16 MiB read-heavy trial 2 wp complete
16 MiB read-heavy trial 9 wp complete
16 MiB read-heavy trial 5 wp complete
16 MiB read-heavy trial 7 wp complete
16 MiB read-heavy trial 6 none complete
16 MiB read-heavy trial 6 stopped complete
16 MiB read-heavy trial 8 wp complete
16 MiB read-heavy trial 5 none complete
16 MiB read-heavy trial 4 wp complete
16 MiB read-heavy trial 3 stopped complete
16 MiB read-heavy trial 0 none complete
16 MiB read-heavy trial 5 stopped complete
16 MiB read-heavy trial 8 stopped complete
16 MiB read-heavy trial 9 stopped complete
16 MiB read-heavy trial 1 none complete
16 MiB read-heavy trial 8 none complete
16 MiB read-heavy trial 2 none complete
16 MiB read-heavy trial 2 stopped complete
16 MiB read-heavy trial 7 stopped complete
16 MiB read-heavy trial 1 stopped complete
16 MiB read-heavy trial 7 none complete
16 MiB read-heavy trial 4 none complete
16 MiB read-heavy trial 9 none complete
16 MiB read-heavy trial 1 wp complete
16 MiB read-heavy trial 0 stopped complete
16 MiB read-heavy trial 3 none complete
16 MiB read-heavy trial 0 wp complete
16 MiB sparse trial 3 wp complete
16 MiB sparse trial 4 stopped complete
16 MiB sparse trial 6 wp complete
16 MiB sparse trial 2 wp complete
16 MiB sparse trial 9 wp complete
16 MiB sparse trial 5 wp complete
16 MiB sparse trial 7 wp complete
16 MiB sparse trial 6 none complete
16 MiB sparse trial 6 stopped complete
16 MiB sparse trial 8 wp complete
16 MiB sparse trial 5 none complete
16 MiB sparse trial 4 wp complete
16 MiB sparse trial 3 stopped complete
16 MiB sparse trial 0 none complete
16 MiB sparse trial 5 stopped complete
16 MiB sparse trial 8 stopped complete
16 MiB sparse trial 9 stopped complete
16 MiB sparse trial 1 none complete
16 MiB sparse trial 8 none complete
16 MiB sparse trial 2 none complete
16 MiB sparse trial 2 stopped complete
16 MiB sparse trial 7 stopped complete
16 MiB sparse trial 1 stopped complete
16 MiB sparse trial 7 none complete
16 MiB sparse trial 4 none complete
16 MiB sparse trial 9 none complete
16 MiB sparse trial 1 wp complete
16 MiB sparse trial 0 stopped complete
16 MiB sparse trial 3 none complete
16 MiB sparse trial 0 wp complete
16 MiB clustered trial 3 wp complete
16 MiB clustered trial 4 stopped complete
16 MiB clustered trial 6 wp complete
16 MiB clustered trial 2 wp complete
16 MiB clustered trial 9 wp complete
16 MiB clustered trial 5 wp complete
16 MiB clustered trial 7 wp complete
16 MiB clustered trial 6 none complete
16 MiB clustered trial 6 stopped complete
16 MiB clustered trial 8 wp complete
16 MiB clustered trial 5 none complete
16 MiB clustered trial 4 wp complete
16 MiB clustered trial 3 stopped complete
16 MiB clustered trial 0 none complete
16 MiB clustered trial 5 stopped complete
16 MiB clustered trial 8 stopped complete
16 MiB clustered trial 9 stopped complete
16 MiB clustered trial 1 none complete
16 MiB clustered trial 8 none complete
16 MiB clustered trial 2 none complete
16 MiB clustered trial 2 stopped complete
16 MiB clustered trial 7 stopped complete
16 MiB clustered trial 1 stopped complete
16 MiB clustered trial 7 none complete
16 MiB clustered trial 4 none complete
16 MiB clustered trial 9 none complete
16 MiB clustered trial 1 wp complete
16 MiB clustered trial 0 stopped complete
16 MiB clustered trial 3 none complete
16 MiB clustered trial 0 wp complete
16 MiB sequential trial 3 wp complete
16 MiB sequential trial 4 stopped complete
16 MiB sequential trial 6 wp complete
16 MiB sequential trial 2 wp complete
16 MiB sequential trial 9 wp complete
16 MiB sequential trial 5 wp complete
16 MiB sequential trial 7 wp complete
16 MiB sequential trial 6 none complete
16 MiB sequential trial 6 stopped complete
16 MiB sequential trial 8 wp complete
16 MiB sequential trial 5 none complete
16 MiB sequential trial 4 wp complete
16 MiB sequential trial 3 stopped complete
16 MiB sequential trial 0 none complete
16 MiB sequential trial 5 stopped complete
16 MiB sequential trial 8 stopped complete
16 MiB sequential trial 9 stopped complete
16 MiB sequential trial 1 none complete
16 MiB sequential trial 8 none complete
16 MiB sequential trial 2 none complete
16 MiB sequential trial 2 stopped complete
16 MiB sequential trial 7 stopped complete
16 MiB sequential trial 1 stopped complete
16 MiB sequential trial 7 none complete
16 MiB sequential trial 4 none complete
16 MiB sequential trial 9 none complete
16 MiB sequential trial 1 wp complete
16 MiB sequential trial 0 stopped complete
16 MiB sequential trial 3 none complete
16 MiB sequential trial 0 wp complete
64 MiB read-heavy trial 3 wp complete
64 MiB read-heavy trial 4 stopped complete
64 MiB read-heavy trial 6 wp complete
64 MiB read-heavy trial 2 wp complete
64 MiB read-heavy trial 9 wp complete
64 MiB read-heavy trial 5 wp complete
64 MiB read-heavy trial 7 wp complete
64 MiB read-heavy trial 6 none complete
64 MiB read-heavy trial 6 stopped complete
64 MiB read-heavy trial 8 wp complete
64 MiB read-heavy trial 5 none complete
64 MiB read-heavy trial 4 wp complete
64 MiB read-heavy trial 3 stopped complete
64 MiB read-heavy trial 0 none complete
64 MiB read-heavy trial 5 stopped complete
64 MiB read-heavy trial 8 stopped complete
64 MiB read-heavy trial 9 stopped complete
64 MiB read-heavy trial 1 none complete
64 MiB read-heavy trial 8 none complete
64 MiB read-heavy trial 2 none complete
64 MiB read-heavy trial 2 stopped complete
64 MiB read-heavy trial 7 stopped complete
64 MiB read-heavy trial 1 stopped complete
64 MiB read-heavy trial 7 none complete
64 MiB read-heavy trial 4 none complete
64 MiB read-heavy trial 9 none complete
64 MiB read-heavy trial 1 wp complete
64 MiB read-heavy trial 0 stopped complete
64 MiB read-heavy trial 3 none complete
64 MiB read-heavy trial 0 wp complete
64 MiB sparse trial 3 wp complete
64 MiB sparse trial 4 stopped complete
64 MiB sparse trial 6 wp complete
64 MiB sparse trial 2 wp complete
64 MiB sparse trial 9 wp complete
64 MiB sparse trial 5 wp complete
64 MiB sparse trial 7 wp complete
64 MiB sparse trial 6 none complete
64 MiB sparse trial 6 stopped complete
64 MiB sparse trial 8 wp complete
64 MiB sparse trial 5 none complete
64 MiB sparse trial 4 wp complete
64 MiB sparse trial 3 stopped complete
64 MiB sparse trial 0 none complete
64 MiB sparse trial 5 stopped complete
64 MiB sparse trial 8 stopped complete
64 MiB sparse trial 9 stopped complete
64 MiB sparse trial 1 none complete
64 MiB sparse trial 8 none complete
64 MiB sparse trial 2 none complete
64 MiB sparse trial 2 stopped complete
64 MiB sparse trial 7 stopped complete
64 MiB sparse trial 1 stopped complete
64 MiB sparse trial 7 none complete
64 MiB sparse trial 4 none complete
64 MiB sparse trial 9 none complete
64 MiB sparse trial 1 wp complete
64 MiB sparse trial 0 stopped complete
64 MiB sparse trial 3 none complete
64 MiB sparse trial 0 wp complete
64 MiB clustered trial 3 wp complete
64 MiB clustered trial 4 stopped complete
64 MiB clustered trial 6 wp complete
64 MiB clustered trial 2 wp complete
64 MiB clustered trial 9 wp complete
64 MiB clustered trial 5 wp complete
64 MiB clustered trial 7 wp complete
64 MiB clustered trial 6 none complete
64 MiB clustered trial 6 stopped complete
64 MiB clustered trial 8 wp complete
64 MiB clustered trial 5 none complete
64 MiB clustered trial 4 wp complete
64 MiB clustered trial 3 stopped complete
64 MiB clustered trial 0 none complete
64 MiB clustered trial 5 stopped complete
64 MiB clustered trial 8 stopped complete
64 MiB clustered trial 9 stopped complete
64 MiB clustered trial 1 none complete
64 MiB clustered trial 8 none complete
64 MiB clustered trial 2 none complete
64 MiB clustered trial 2 stopped complete
64 MiB clustered trial 7 stopped complete
64 MiB clustered trial 1 stopped complete
64 MiB clustered trial 7 none complete
64 MiB clustered trial 4 none complete
64 MiB clustered trial 9 none complete
64 MiB clustered trial 1 wp complete
64 MiB clustered trial 0 stopped complete
64 MiB clustered trial 3 none complete
64 MiB clustered trial 0 wp complete
64 MiB sequential trial 3 wp complete
64 MiB sequential trial 4 stopped complete
64 MiB sequential trial 6 wp complete
64 MiB sequential trial 2 wp complete
64 MiB sequential trial 9 wp complete
64 MiB sequential trial 5 wp complete
64 MiB sequential trial 7 wp complete
64 MiB sequential trial 6 none complete
64 MiB sequential trial 6 stopped complete
64 MiB sequential trial 8 wp complete
64 MiB sequential trial 5 none complete
64 MiB sequential trial 4 wp complete
64 MiB sequential trial 3 stopped complete
64 MiB sequential trial 0 none complete
64 MiB sequential trial 5 stopped complete
64 MiB sequential trial 8 stopped complete
64 MiB sequential trial 9 stopped complete
64 MiB sequential trial 1 none complete
64 MiB sequential trial 8 none complete
64 MiB sequential trial 2 none complete
64 MiB sequential trial 2 stopped complete
64 MiB sequential trial 7 stopped complete
64 MiB sequential trial 1 stopped complete
64 MiB sequential trial 7 none complete
64 MiB sequential trial 4 none complete
64 MiB sequential trial 9 none complete
64 MiB sequential trial 1 wp complete
64 MiB sequential trial 0 stopped complete
64 MiB sequential trial 3 none complete
64 MiB sequential trial 0 wp complete
256 MiB read-heavy trial 3 wp complete
256 MiB read-heavy trial 4 stopped complete
256 MiB read-heavy trial 6 wp complete
256 MiB read-heavy trial 2 wp complete
256 MiB read-heavy trial 9 wp complete
256 MiB read-heavy trial 5 wp complete
256 MiB read-heavy trial 7 wp complete
256 MiB read-heavy trial 6 none complete
256 MiB read-heavy trial 6 stopped complete
256 MiB read-heavy trial 8 wp complete
256 MiB read-heavy trial 5 none complete
256 MiB read-heavy trial 4 wp complete
256 MiB read-heavy trial 3 stopped complete
256 MiB read-heavy trial 0 none complete
256 MiB read-heavy trial 5 stopped complete
256 MiB read-heavy trial 8 stopped complete
256 MiB read-heavy trial 9 stopped complete
256 MiB read-heavy trial 1 none complete
256 MiB read-heavy trial 8 none complete
256 MiB read-heavy trial 2 none complete
256 MiB read-heavy trial 2 stopped complete
256 MiB read-heavy trial 7 stopped complete
256 MiB read-heavy trial 1 stopped complete
256 MiB read-heavy trial 7 none complete
256 MiB read-heavy trial 4 none complete
256 MiB read-heavy trial 9 none complete
256 MiB read-heavy trial 1 wp complete
256 MiB read-heavy trial 0 stopped complete
256 MiB read-heavy trial 3 none complete
256 MiB read-heavy trial 0 wp complete
256 MiB sparse trial 3 wp complete
256 MiB sparse trial 4 stopped complete
256 MiB sparse trial 6 wp complete
256 MiB sparse trial 2 wp complete
256 MiB sparse trial 9 wp complete
256 MiB sparse trial 5 wp complete
256 MiB sparse trial 7 wp complete
256 MiB sparse trial 6 none complete
256 MiB sparse trial 6 stopped complete
256 MiB sparse trial 8 wp complete
256 MiB sparse trial 5 none complete
256 MiB sparse trial 4 wp complete
256 MiB sparse trial 3 stopped complete
256 MiB sparse trial 0 none complete
256 MiB sparse trial 5 stopped complete
256 MiB sparse trial 8 stopped complete
256 MiB sparse trial 9 stopped complete
256 MiB sparse trial 1 none complete
256 MiB sparse trial 8 none complete
256 MiB sparse trial 2 none complete
256 MiB sparse trial 2 stopped complete
256 MiB sparse trial 7 stopped complete
256 MiB sparse trial 1 stopped complete
256 MiB sparse trial 7 none complete
256 MiB sparse trial 4 none complete
256 MiB sparse trial 9 none complete
256 MiB sparse trial 1 wp complete
256 MiB sparse trial 0 stopped complete
256 MiB sparse trial 3 none complete
256 MiB sparse trial 0 wp complete
256 MiB clustered trial 3 wp complete
256 MiB clustered trial 4 stopped complete
256 MiB clustered trial 6 wp complete
256 MiB clustered trial 2 wp complete
256 MiB clustered trial 9 wp complete
256 MiB clustered trial 5 wp complete
256 MiB clustered trial 7 wp complete
256 MiB clustered trial 6 none complete
256 MiB clustered trial 6 stopped complete
256 MiB clustered trial 8 wp complete
256 MiB clustered trial 5 none complete
256 MiB clustered trial 4 wp complete
256 MiB clustered trial 3 stopped complete
256 MiB clustered trial 0 none complete
256 MiB clustered trial 5 stopped complete
256 MiB clustered trial 8 stopped complete
256 MiB clustered trial 9 stopped complete
256 MiB clustered trial 1 none complete
256 MiB clustered trial 8 none complete
256 MiB clustered trial 2 none complete
256 MiB clustered trial 2 stopped complete
256 MiB clustered trial 7 stopped complete
256 MiB clustered trial 1 stopped complete
256 MiB clustered trial 7 none complete
256 MiB clustered trial 4 none complete
256 MiB clustered trial 9 none complete
256 MiB clustered trial 1 wp complete
256 MiB clustered trial 0 stopped complete
256 MiB clustered trial 3 none complete
256 MiB clustered trial 0 wp complete
256 MiB sequential trial 3 wp complete
256 MiB sequential trial 4 stopped complete
256 MiB sequential trial 6 wp complete
256 MiB sequential trial 2 wp complete
256 MiB sequential trial 9 wp complete
256 MiB sequential trial 5 wp complete
256 MiB sequential trial 7 wp complete
256 MiB sequential trial 6 none complete
256 MiB sequential trial 6 stopped complete
256 MiB sequential trial 8 wp complete
256 MiB sequential trial 5 none complete
256 MiB sequential trial 4 wp complete
256 MiB sequential trial 3 stopped complete
256 MiB sequential trial 0 none complete
256 MiB sequential trial 5 stopped complete
256 MiB sequential trial 8 stopped complete
256 MiB sequential trial 9 stopped complete
256 MiB sequential trial 1 none complete
256 MiB sequential trial 8 none complete
256 MiB sequential trial 2 none complete
256 MiB sequential trial 2 stopped complete
256 MiB sequential trial 7 stopped complete
256 MiB sequential trial 1 stopped complete
256 MiB sequential trial 7 none complete
256 MiB sequential trial 4 none complete
256 MiB sequential trial 9 none complete
256 MiB sequential trial 1 wp complete
256 MiB sequential trial 0 stopped complete
256 MiB sequential trial 3 none complete
256 MiB sequential trial 0 wp complete
64 MiB sparse trial 3 wp complete
64 MiB sparse trial 4 stopped complete
64 MiB sparse trial 6 wp complete
64 MiB sparse trial 2 wp complete
64 MiB sparse trial 9 wp complete
64 MiB sparse trial 5 wp complete
64 MiB sparse trial 7 wp complete
64 MiB sparse trial 6 none complete
64 MiB sparse trial 6 stopped complete
64 MiB sparse trial 8 wp complete
64 MiB sparse trial 5 none complete
64 MiB sparse trial 4 wp complete
64 MiB sparse trial 3 stopped complete
64 MiB sparse trial 0 none complete
64 MiB sparse trial 5 stopped complete
64 MiB sparse trial 8 stopped complete
64 MiB sparse trial 9 stopped complete
64 MiB sparse trial 1 none complete
64 MiB sparse trial 8 none complete
64 MiB sparse trial 2 none complete
64 MiB sparse trial 2 stopped complete
64 MiB sparse trial 7 stopped complete
64 MiB sparse trial 1 stopped complete
64 MiB sparse trial 7 none complete
64 MiB sparse trial 4 none complete
64 MiB sparse trial 9 none complete
64 MiB sparse trial 1 wp complete
64 MiB sparse trial 0 stopped complete
64 MiB sparse trial 3 none complete
64 MiB sparse trial 0 wp complete
64 MiB sequential trial 3 wp complete
64 MiB sequential trial 4 stopped complete
64 MiB sequential trial 6 wp complete
64 MiB sequential trial 2 wp complete
64 MiB sequential trial 9 wp complete
64 MiB sequential trial 5 wp complete
64 MiB sequential trial 7 wp complete
64 MiB sequential trial 6 none complete
64 MiB sequential trial 6 stopped complete
64 MiB sequential trial 8 wp complete
64 MiB sequential trial 5 none complete
64 MiB sequential trial 4 wp complete
64 MiB sequential trial 3 stopped complete
64 MiB sequential trial 0 none complete
64 MiB sequential trial 5 stopped complete
64 MiB sequential trial 8 stopped complete
64 MiB sequential trial 9 stopped complete
64 MiB sequential trial 1 none complete
64 MiB sequential trial 8 none complete
64 MiB sequential trial 2 none complete
64 MiB sequential trial 2 stopped complete
64 MiB sequential trial 7 stopped complete
64 MiB sequential trial 1 stopped complete
64 MiB sequential trial 7 none complete
64 MiB sequential trial 4 none complete
64 MiB sequential trial 9 none complete
64 MiB sequential trial 1 wp complete
64 MiB sequential trial 0 stopped complete
64 MiB sequential trial 3 none complete
64 MiB sequential trial 0 wp complete
64 MiB sparse trial 3 wp complete
64 MiB sparse trial 4 stopped complete
64 MiB sparse trial 6 wp complete
64 MiB sparse trial 2 wp complete
64 MiB sparse trial 9 wp complete
64 MiB sparse trial 5 wp complete
64 MiB sparse trial 7 wp complete
64 MiB sparse trial 6 none complete
64 MiB sparse trial 6 stopped complete
64 MiB sparse trial 8 wp complete
64 MiB sparse trial 5 none complete
64 MiB sparse trial 4 wp complete
64 MiB sparse trial 3 stopped complete
64 MiB sparse trial 0 none complete
64 MiB sparse trial 5 stopped complete
64 MiB sparse trial 8 stopped complete
64 MiB sparse trial 9 stopped complete
64 MiB sparse trial 1 none complete
64 MiB sparse trial 8 none complete
64 MiB sparse trial 2 none complete
64 MiB sparse trial 2 stopped complete
64 MiB sparse trial 7 stopped complete
64 MiB sparse trial 1 stopped complete
64 MiB sparse trial 7 none complete
64 MiB sparse trial 4 none complete
64 MiB sparse trial 9 none complete
64 MiB sparse trial 1 wp complete
64 MiB sparse trial 0 stopped complete
64 MiB sparse trial 3 none complete
64 MiB sparse trial 0 wp complete
64 MiB sequential trial 3 wp complete
64 MiB sequential trial 4 stopped complete
64 MiB sequential trial 6 wp complete
64 MiB sequential trial 2 wp complete
64 MiB sequential trial 9 wp complete
64 MiB sequential trial 5 wp complete
64 MiB sequential trial 7 wp complete
64 MiB sequential trial 6 none complete
64 MiB sequential trial 6 stopped complete
64 MiB sequential trial 8 wp complete
64 MiB sequential trial 5 none complete
64 MiB sequential trial 4 wp complete
64 MiB sequential trial 3 stopped complete
64 MiB sequential trial 0 none complete
64 MiB sequential trial 5 stopped complete
64 MiB sequential trial 8 stopped complete
64 MiB sequential trial 9 stopped complete
64 MiB sequential trial 1 none complete
64 MiB sequential trial 8 none complete
64 MiB sequential trial 2 none complete
64 MiB sequential trial 2 stopped complete
64 MiB sequential trial 7 stopped complete
64 MiB sequential trial 1 stopped complete
64 MiB sequential trial 7 none complete
64 MiB sequential trial 4 none complete
64 MiB sequential trial 9 none complete
64 MiB sequential trial 1 wp complete
64 MiB sequential trial 0 stopped complete
64 MiB sequential trial 3 none complete
64 MiB sequential trial 0 wp complete
